Attempt 1: syncing to latest main
From https://github.com/P00NSMASHER/trading-platform
 * branch              main       -> FETCH_HEAD
HEAD is now at 60764bc4 G1: recover 14 court public-distribution clocks (batch 0116) (#360)
{
  "exact": 165,
  "reviewed_excluded": 9,
  "new_events": [
    "HEJFE-2FD552B9358078C6"
  ]
}
.....................F.....................................              [100%]
=================================== FAILURES ===================================
_______________ test_explicit_research_priorities_head_the_queue _______________

    def test_explicit_research_priorities_head_the_queue():
        manifest = g1a.build_manifest()
>       assert [row["historical_symbol"] for row in manifest["work_queue"][:5]] == [
            "EW", "PNRA", "BIO", "GNTX", "CREE"
        ]
E       AssertionError: assert ['EW', 'PNRA'...CREE', 'NUAN'] == ['EW', 'PNRA'...GNTX', 'CREE']
E         
E         At index 2 diff: 'GNTX' != 'BIO'
E         
E         Full diff:
E           [
E               'EW',
E               'PNRA',
E         -     'BIO',
E               'GNTX',
E               'CREE',
E         +     'NUAN',
E           ]

tests/test_g1_acquisition_manifest.py:101: AssertionError
=========================== short test summary info ============================
FAILED tests/test_g1_acquisition_manifest.py::test_explicit_research_priorities_head_the_queue - AssertionError: assert ['EW', 'PNRA'...CREE', 'NUAN'] == ['EW', 'PNRA'...GNTX', 'CREE']
  
  At index 2 diff: 'GNTX' != 'BIO'
  
  Full diff:
    [
        'EW',
        'PNRA',
  -     'BIO',
        'GNTX',
        'CREE',
  +     'NUAN',
    ]
1 failed, 58 passed in 0.34s
